// Jest Snapshot v1, https://goo.gl/fbAQLP

exports[`Header tests renders Header 1`] = `
.c1 {
  display: -webkit-inline-box;
  display: -webkit-inline-flex;
  display: -ms-inline-flexbox;
  display: inline-flex;
  margin: 0;
  font-family: 'Raleway',sans-serif;
  font-style: normal;
  font-weight: bold;
  font-size: 2rem;
  box-shadow: 0px 4px 30px 0px #b118c8 30%;
  background-color: #2f29bf;
  background-image: linear-gradient(90.05deg,#2f29bf -15.19%,rgba(255,255,255,0) 46.55%), linear-gradient(90.13deg,#b118c8 46.55%,rgba(255,255,255,0) 142.37%),linear-gradient(0deg,#ff8600,#ff8600);
  background-size: 100%;
  -webkit-background-clip: text;
  -moz-background-clip: text;
  -webkit-text-fill-color: transparent;
  -moz-text-fill-color: transparent;
}

.c0 {
  display: -webkit-box;
  display: -webkit-flex;
  display: -ms-flexbox;
  display: flex;
  -webkit-box-pack: justify;
  -webkit-justify-content: space-between;
  -ms-flex-pack: justify;
  justify-content: space-between;
  -webkit-align-items: center;
  -webkit-box-align: center;
  -ms-flex-align: center;
  align-items: center;
  padding: 3rem;
  box-shadow: 0px 10px 30px rgba(47,41,191,0.3),0px -10px 30px rgba(177,24,200,0.3);
}

.c2 {
  font-size: 2rem;
  outline: none;
  z-index: 3;
  background: none;
  border-radius: 50%;
  width: 2.5rem;
  height: 2.5rem;
  color: #b118c8;
  border: none;
  -webkit-transform: none;
  -ms-transform: none;
  transform: none;
  -webkit-transition-duration: 0.3s;
  transition-duration: 0.3s;
}

.c2:hover {
  background-color: #e5e5e5;
}

.c2:focus: {
  box-shadow: linear-gradient(90.2deg,#2f29bf 0%,rgba(255,255,255,0) 100%),#b118c8;
}

@media (max-width:960px) {
  .c1 {
    font-size: 1.8rem;
  }
}

@media (max-width:600px) {
  .c1 {
    font-size: 1.5rem;
  }
}

@media (max-width:960px) {
  .c0 {
    padding: 2rem;
  }
}

@media (max-width:600px) {
  .c0 {
    padding: 1.5rem;
  }
}

@media (max-width:960px) {
  .c2 {
    font-size: 1.8rem;
  }
}

@media (max-width:600px) {
  .c2 {
    font-size: 1.5rem;
  }
}

<header
  className="c0"
>
  <h1
    className="c1"
  >
    Spotify analyzer
  </h1>
  <button
    className="c2"
    data-testid="menu-button"
  >
    <svg
      aria-hidden="true"
      className="svg-inline--fa fa-caret-down fa-w-10 "
      data-icon="caret-down"
      data-prefix="fas"
      focusable="false"
      onClick={[Function]}
      role="img"
      style={Object {}}
      viewBox="0 0 320 512"
      xmlns="http://www.w3.org/2000/svg"
    >
      <path
        d="M31.3 192h257.3c17.8 0 26.7 21.5 14.1 34.1L174.1 354.8c-7.8 7.8-20.5 7.8-28.3 0L17.2 226.1C4.6 213.5 13.5 192 31.3 192z"
        fill="currentColor"
        style={Object {}}
      />
    </svg>
  </button>
</header>
`;
