// Jest Snapshot v1, https://goo.gl/fbAQLP

exports[`Button test Renders basic button and tests click 1`] = `
.c0 {
  text-transform: uppercase;
  outline: none;
  font-size: 0.9rem;
  font-weight: 500;
  color: white;
  border: none;
  border-radius: 50px;
  background: linear-gradient(90.2deg,#2f29bf -21.41%,rgba(255,255,255,0) 134.41%),#b118c8;
  padding: 1.2rem 4.3rem;
  -webkit-transition-duration: 0.2s;
  transition-duration: 0.2s;
}

.c0:hover,
.c0:focus {
  box-shadow: 0px 10px 30px rgba(47,41,191,0.3),0px -10px 30px rgba(177,24,200,0.3);
  -webkit-transform: translateY(-5px);
  -ms-transform: translateY(-5px);
  transform: translateY(-5px);
}

.c0:active {
  background: linear-gradient(90.2deg,#2f29bf -40%,rgba(255,255,255,0) 90%),#b118c8;
  -webkit-transform: translateY(0);
  -ms-transform: translateY(0);
  transform: translateY(0);
  box-shadow: 0px 5px 10px rgba(47,41,191,0.3),0px -5px 10px rgba(177,24,200,0.3);
}

@media (min-width:960px) {
  .c0 {
    font-size: 1rem;
    padding: 1.4rem 5rem;
  }
}

<button
  className="c0"
  onClick={[MockFunction]}
>
  Button
</button>
`;
